// Jest Snapshot v1, https://goo.gl/fbAQLP

exports[`renders correctly 1`] = `
<div
  className="sc-AxjAm gBVPNU"
>
  <div
    className="sc-AxiKw cjyCOd"
  >
    logd
  </div>
  <div
    className="sc-AxirZ gnYjwA"
  >
    Quick personal notes, saved locally only.
  </div>
  <div>
    <button
      onClick={[Function]}
    >
      Login
    </button>
  </div>
</div>
`;
