// Jest Snapshot v1, https://goo.gl/fbAQLP

exports[`renders correctly 1`] = `
<div
  className="sc-AxhUy hUcYOB"
>
  <div
    className="sc-AxjAm eYjUwD"
  >
    <div
      className="sc-AxiKw efHbud"
    >
      logd
    </div>
    <div
      className="sc-AxirZ dudmGI"
    >
      Quick personal notes, saved locally only.
    </div>
  </div>
  <div
    className="sc-AxgMl cHYKOq"
  />
</div>
`;
